// Jest Snapshot v1, https://goo.gl/fbAQLP

exports[`Header should match snapshot 1`] = `
<div
  class="flex flex-col items-start pb-4"
  data-testid="header"
>
  <h1
    class="text-4xl text-black"
  >
    Valide sua senha
  </h1>
</div>
`;
