// Jest Snapshot v1, https://goo.gl/fbAQLP

exports[`Input should match snapshot 1`] = `
<input
  class="bg-white mb-8 border-2 border-gray-500 text-gray-900 text-sm rounded-lg focus:ring-blue-500 focus:border-blue-500 block w-full p-4"
  data-testid="input"
  value=""
/>
`;
